Restore Archived Project report for aula8
Thu Oct 14 17:02:19 2021
Quartus Prime Version 20.1.0 Build 711 06/05/2020 SJ Lite Edition


---------------------
; Table of Contents ;
---------------------
  1. Legal Notice
  2. Restore Archived Project Summary
  3. Restore Archived Project Messages
  4. Files Restored
  5. Files Not Restored



----------------
; Legal Notice ;
----------------
Copyright (C) 2020  Intel Corporation. All rights reserved.
Your use of Intel Corporation's design tools, logic functions 
and other software and tools, and any partner logic 
functions, and any output files from any of the foregoing 
(including device programming or simulation files), and any 
associated documentation or information are expressly subject 
to the terms and conditions of the Intel Program License 
Subscription Agreement, the Intel Quartus Prime License Agreement,
the Intel FPGA IP License Agreement, or other applicable license
agreement, including, without limitation, that your use is for
the sole purpose of programming logic devices manufactured by
Intel and sold by Intel or its authorized distributors.  Please
refer to the applicable agreement for further details, at
https://fpgasoftware.intel.com/eula.



+-------------------------------------------------------------------------+
; Restore Archived Project Summary                                        ;
+---------------------------------+---------------------------------------+
; Restore Archived Project Status ; Successful - Thu Oct 14 17:02:19 2021 ;
; Revision Name                   ; aula8                                 ;
; Top-level Entity Name           ; aula8                                 ;
; Family                          ; Cyclone V                             ;
+---------------------------------+---------------------------------------+


+-----------------------------------+
; Restore Archived Project Messages ;
+-----------------------------------+
Info: Successfully restored 'C:/Users/thalials/OneDrive - Insper - Institudo de Ensino e Pesquisa/Documentos/Insper/6-semestre/design-de-computadores/design_de_computadores/aula8-ex5/aula8-ex5.qar' into the 'C:/Users/thalials/OneDrive - Insper - Institudo de Ensino e Pesquisa/Documentos/Insper/6-semestre/design-de-computadores/design_de_computadores/aula8-ex5/aula8-ex5_restored/' directory
Info: Generated report 'aula8.restore.rpt'
Info (23030): Evaluation of Tcl script c:/intelfpga_lite/20.1/quartus/common/tcl/apps/qpm/qar.tcl was successful
Info: Quartus Prime Shell was successful. 0 errors, 1 warning
    Info: Peak virtual memory: 4815 megabytes
    Info: Processing ended: Thu Oct 14 17:02:19 2021
    Info: Elapsed time: 00:00:00
    Info: Total CPU time (on all processors): 00:00:01


+----------------------------------+
; Files Restored                   ;
+----------------------------------+
; File Name                        ;
+----------------------------------+
; qar_info.json                    ;
; State3.vhd                       ;
; State3_8.vhd                     ;
; ULASomaSub.vhd                   ;
; Waveform.vwf                     ;
; Waveform1.vwf                    ;
; assignment_defaults.qdf          ;
; aula8.qpf                        ;
; aula8.qsf                        ;
; aula8.vhd                        ;
; cpu.vhd                          ;
; decodificador.vhd                ;
; decodificador2.vhd               ;
; decodificador3x8.vhd             ;
; decodificadorSegmentos.vhd       ;
; edgeDetector.vhd                 ;
; end_retorno.vhd                  ;
; logica_de_desvio.vhd             ;
; memoriaRAM.vhd                   ;
; memoriaROM.vhd                   ;
; muxGenerico2x1.vhd               ;
; muxGenericoJUMP.vhd              ;
; mux_jump.vhd                     ;
; porta_and.vhd                    ;
; registrador4.vhd                 ;
; registradorFlag.vhd              ;
; registradorGenerico.vhd          ;
; registradorGenerico_entrada1.vhd ;
; registrador_key0.vhd             ;
; somadaConstante.vhd              ;
; somadorGenerico.vhd              ;
+----------------------------------+


+--------------------+
; Files Not Restored ;
+--------------------+
; File Name          ;
+--------------------+
; db/aula8.cmp.rdb   ;
+--------------------+


